
> vite-react-typescript-starter@0.0.0 build
> vite build

[36mvite v7.0.5 [32mbuilding for production...[36m[39m
transforming...
[32mΓ£ô[39m 1497 modules transformed.
node.exe : [31mΓ£ù[39m 
Build failed in 8.10s
At C:\Users\Muneer Ali Subzwa
ri\AppData\Roaming\npm\npm.ps
1:24 char:5
+     & "node$exe"  "$basedir
/node_modules/npm/bin/npm-cli
.js" $args
+     ~~~~~~~~~~~~~~~~~~~~~~~
~~~~~~~~~~~~~~~~~~~~~~~~~~~~~
~~~~~~~~~~
    + CategoryInfo           
   : NotSpecified: ([31mΓ£  
  ù[39m Build failed in 8   
 .10s:String) [], RemoteE    
xception
    + FullyQualifiedErrorId  
   : NativeCommandError
 
[31merror during build:
[31m[vite:esbuild] 
Transform failed with 1 
error:
C:/Users/Muneer Ali Subzwari/
Desktop/hair-coaction/Hair-Co
action/src/components/Sidebar
.tsx:24:0: ERROR: Unexpected 
"<<"[31m
file: [36mC:/Users/Muneer 
Ali Subzwari/Desktop/hair-coa
ction/Hair-Coaction/src/compo
nents/Sidebar.tsx:24:0[31m
[33m
[33mUnexpected "<<"[33m
22 |  
23 |  interface SidebarProps 
{
24 |  <<<<<<< HEAD
   |  ^
25 |    activeTab: string;
26 |    setActiveTab: (tab: 
string) => void;
[31m
    at failureErrorWithLog 
(C:\Users\Muneer Ali Subzwari
\Desktop\hair-coaction\Hair-C
oaction\node_modules\esbuild\
lib\main.js:1467:15)
    at C:\Users\Muneer Ali Su
bzwari\Desktop\hair-coaction\
Hair-Coaction\node_modules\es
build\lib\main.js:736:50
    at 
responseCallbacks.<computed> 
(C:\Users\Muneer Ali Subzwari
\Desktop\hair-coaction\Hair-C
oaction\node_modules\esbuild\
lib\main.js:603:9)
    at handleIncomingPacket 
(C:\Users\Muneer Ali Subzwari
\Desktop\hair-coaction\Hair-C
oaction\node_modules\esbuild\
lib\main.js:658:12)
    at Socket.readFromStdout 
(C:\Users\Muneer Ali Subzwari
\Desktop\hair-coaction\Hair-C
oaction\node_modules\esbuild\
lib\main.js:581:7)
    at Socket.emit 
(node:events:518:28)
    at addChunk (node:interna
l/streams/readable:561:12)
    at 
readableAddChunkPushByteMode 
(node:internal/streams/readab
le:512:3)
    at Readable.push (node:in
ternal/streams/readable:392:5
)
    at Pipe.onStreamRead (nod
e:internal/stream_base_common
s:189:23)[39m
